{"Level":"info","Time":"2022-02-19 21:55:20","Caller":"configs/Logger.go:54","Msg":"WebSocket Core: start heartbeat"}
{"Level":"info","Time":"2022-02-19 21:56:19","Caller":"configs/Logger.go:54","Msg":"WebSocket Core: start heartbeat"}
{"Level":"info","Time":"2022-02-19 21:57:13","Caller":"configs/Logger.go:54","Msg":"WebSocket Core: start heartbeat"}
{"Level":"info","Time":"2022-02-19 22:04:27","Caller":"configs/Logger.go:54","Msg":"WebSocket Core: start heartbeat"}
{"Level":"info","Time":"2022-02-19 22:10:35","Caller":"configs/Logger.go:54","Msg":"WebSocket Core: start heartbeat"}
{"Level":"info","Time":"2022-02-19 22:13:20","Caller":"configs/Logger.go:54","Msg":"WebSocket Core: start heartbeat"}
{"Level":"info","Time":"2022-02-19 22:18:23","Caller":"configs/Logger.go:54","Msg":"WebSocket Core: start heartbeat"}
{"Level":"info","Time":"2022-02-19 22:18:32","Caller":"configs/Logger.go:54","Msg":"WebSocket Core: start heartbeat"}
{"Level":"info","Time":"2022-02-19 22:25:55","Caller":"configs/Logger.go:54","Msg":"WebSocket Core: start heartbeat"}
{"Level":"info","Time":"2022-02-19 22:26:10","Caller":"configs/Logger.go:54","Msg":"WebSocket Core: start heartbeat"}
{"Level":"info","Time":"2022-02-19 22:54:56","Caller":"configs/Logger.go:54","Msg":"WebSocket Core: start heartbeat"}
{"Level":"info","Time":"2022-02-19 22:56:03","Caller":"configs/Logger.go:54","Msg":"WebSocket Core: start heartbeat"}
{"Level":"info","Time":"2022-02-19 23:10:46","Caller":"configs/Logger.go:54","Msg":"WebSocket Core: start heartbeat"}
{"Level":"info","Time":"2022-02-19 23:12:35","Caller":"configs/Logger.go:54","Msg":"WebSocket Core: start heartbeat"}
{"Level":"info","Time":"2022-02-19 23:42:35","Caller":"configs/Logger.go:54","Msg":"WebSocket Core: start heartbeat"}
{"Level":"info","Time":"2022-02-19 23:50:05","Caller":"configs/Logger.go:54","Msg":"WebSocket Core: start heartbeat"}
{"Level":"info","Time":"2022-02-20 00:09:16","Caller":"configs/Logger.go:54","Msg":"WebSocket Core: start heartbeat"}
{"Level":"info","Time":"2022-02-21 21:19:31","Caller":"configs/Logger.go:54","Msg":"WebSocket Core: start heartbeat"}
{"Level":"info","Time":"2022-02-21 21:22:46","Caller":"configs/Logger.go:54","Msg":"WebSocket Core: start heartbeat"}
{"Level":"info","Time":"2022-02-21 21:24:17","Caller":"configs/Logger.go:54","Msg":"WebSocket Core: start heartbeat"}
{"Level":"info","Time":"2022-02-21 21:27:19","Caller":"configs/Logger.go:54","Msg":"WebSocket Core: start heartbeat"}
{"Level":"info","Time":"2022-02-21 21:28:53","Caller":"configs/Logger.go:54","Msg":"WebSocket Core: start heartbeat"}
{"Level":"info","Time":"2022-02-21 21:41:48","Caller":"configs/Logger.go:54","Msg":"WebSocket Core: start heartbeat"}
{"Level":"info","Time":"2022-02-21 21:43:26","Caller":"configs/Logger.go:54","Msg":"WebSocket Core: start heartbeat"}
{"Level":"info","Time":"2022-02-21 21:44:42","Caller":"configs/Logger.go:54","Msg":"WebSocket Core: start heartbeat"}
{"Level":"info","Time":"2022-02-21 21:47:41","Caller":"configs/Logger.go:54","Msg":"WebSocket Core: start heartbeat"}
{"Level":"info","Time":"2022-02-21 21:50:05","Caller":"configs/Logger.go:54","Msg":"WebSocket Core: start heartbeat"}
{"Level":"info","Time":"2022-02-21 21:51:15","Caller":"configs/Logger.go:54","Msg":"WebSocket Core: start heartbeat"}
{"Level":"info","Time":"2022-02-21 21:53:49","Caller":"configs/Logger.go:54","Msg":"WebSocket Core: start heartbeat"}
{"Level":"info","Time":"2022-02-21 21:57:36","Caller":"configs/Logger.go:54","Msg":"WebSocket Core: start heartbeat"}
{"Level":"info","Time":"2022-02-21 22:46:58","Caller":"configs/Logger.go:54","Msg":"WebSocket Core: start heartbeat"}
{"Level":"info","Time":"2022-02-21 22:50:41","Caller":"configs/Logger.go:54","Msg":"WebSocket Core: start heartbeat"}
{"Level":"info","Time":"2022-02-21 23:01:43","Caller":"configs/Logger.go:54","Msg":"WebSocket Core: start heartbeat"}
{"Level":"info","Time":"2022-02-21 23:05:09","Caller":"configs/Logger.go:54","Msg":"WebSocket Core: start heartbeat"}
{"Level":"info","Time":"2022-02-21 23:13:23","Caller":"configs/Logger.go:54","Msg":"WebSocket Core: start heartbeat"}
{"Level":"info","Time":"2022-02-21 23:16:27","Caller":"configs/Logger.go:54","Msg":"WebSocket Core: start heartbeat"}
{"Level":"info","Time":"2022-02-22 00:15:29","Caller":"configs/Logger.go:54","Msg":"WebSocket Core: start heartbeat"}
{"Level":"info","Time":"2022-02-22 00:24:40","Caller":"configs/Logger.go:54","Msg":"WebSocket Core: start heartbeat"}
{"Level":"info","Time":"2022-02-22 00:30:52","Caller":"configs/Logger.go:54","Msg":"WebSocket Core: start heartbeat"}
{"Level":"info","Time":"2022-02-22 00:33:25","Caller":"configs/Logger.go:54","Msg":"WebSocket Core: start heartbeat"}
{"Level":"info","Time":"2022-02-22 00:34:35","Caller":"configs/Logger.go:54","Msg":"WebSocket Core: start heartbeat"}
{"Level":"info","Time":"2022-02-22 00:36:18","Caller":"configs/Logger.go:54","Msg":"WebSocket Core: start heartbeat"}
{"Level":"info","Time":"2022-02-22 20:31:35","Caller":"configs/Logger.go:54","Msg":"WebSocket Core: start heartbeat"}
{"Level":"info","Time":"2022-02-22 20:34:10","Caller":"configs/Logger.go:54","Msg":"WebSocket Core: start heartbeat"}
{"Level":"info","Time":"2022-02-22 20:55:47","Caller":"configs/Logger.go:54","Msg":"WebSocket Core: start heartbeat"}
{"Level":"info","Time":"2022-02-22 21:10:37","Caller":"configs/Logger.go:54","Msg":"WebSocket Core: start heartbeat"}
{"Level":"info","Time":"2022-02-22 21:24:59","Caller":"configs/Logger.go:54","Msg":"WebSocket Core: start heartbeat"}
{"Level":"info","Time":"2022-02-22 21:29:33","Caller":"configs/Logger.go:54","Msg":"WebSocket Core: start heartbeat"}
{"Level":"info","Time":"2022-02-22 22:06:12","Caller":"configs/Logger.go:54","Msg":"WebSocket Core: start heartbeat"}
{"Level":"info","Time":"2022-02-22 22:07:03","Caller":"configs/Logger.go:54","Msg":"WebSocket Core: start heartbeat"}
{"Level":"info","Time":"2022-02-22 22:07:56","Caller":"configs/Logger.go:54","Msg":"WebSocket Core: start heartbeat"}
{"Level":"info","Time":"2022-02-22 22:11:51","Caller":"configs/Logger.go:54","Msg":"WebSocket Core: start heartbeat"}
{"Level":"info","Time":"2022-02-22 22:12:47","Caller":"configs/Logger.go:54","Msg":"WebSocket Core: start heartbeat"}
{"Level":"info","Time":"2022-02-22 22:13:24","Caller":"configs/Logger.go:54","Msg":"WebSocket Core: start heartbeat"}
{"Level":"info","Time":"2022-02-22 22:14:30","Caller":"configs/Logger.go:54","Msg":"WebSocket Core: start heartbeat"}
{"Level":"info","Time":"2022-02-22 22:15:56","Caller":"configs/Logger.go:54","Msg":"WebSocket Core: start heartbeat"}
{"Level":"info","Time":"2022-02-22 22:16:07","Caller":"configs/Logger.go:54","Msg":"WebSocket Core: start heartbeat"}
{"Level":"info","Time":"2022-02-22 22:16:28","Caller":"configs/Logger.go:54","Msg":"WebSocket Core: start heartbeat"}
{"Level":"info","Time":"2022-02-22 22:17:41","Caller":"configs/Logger.go:54","Msg":"WebSocket Core: start heartbeat"}
{"Level":"info","Time":"2022-02-22 22:18:46","Caller":"configs/Logger.go:54","Msg":"WebSocket Core: start heartbeat"}
{"Level":"info","Time":"2022-02-22 22:20:09","Caller":"configs/Logger.go:54","Msg":"WebSocket Core: start heartbeat"}
{"Level":"info","Time":"2022-02-22 22:20:34","Caller":"configs/Logger.go:54","Msg":"WebSocket Core: start heartbeat"}
{"Level":"info","Time":"2022-02-22 22:29:07","Caller":"configs/Logger.go:54","Msg":"WebSocket Core: start heartbeat"}
{"Level":"info","Time":"2022-02-22 22:34:14","Caller":"configs/Logger.go:54","Msg":"WebSocket Core: start heartbeat"}
{"Level":"info","Time":"2022-02-22 23:36:32","Caller":"configs/Logger.go:54","Msg":"WebSocket Core: start heartbeat"}
{"Level":"info","Time":"2022-02-22 23:39:28","Caller":"configs/Logger.go:54","Msg":"WebSocket Core: start heartbeat"}
{"Level":"info","Time":"2022-02-22 23:40:33","Caller":"configs/Logger.go:54","Msg":"WebSocket Core: start heartbeat"}
{"Level":"info","Time":"2022-02-22 23:44:35","Caller":"configs/Logger.go:54","Msg":"WebSocket Core: start heartbeat"}
{"Level":"info","Time":"2022-02-22 23:45:33","Caller":"configs/Logger.go:54","Msg":"WebSocket Core: start heartbeat"}
{"Level":"info","Time":"2022-02-23 20:27:16","Caller":"configs/Logger.go:54","Msg":"WebSocket Core: start heartbeat"}
{"Level":"info","Time":"2022-02-23 21:50:33","Caller":"configs/Logger.go:54","Msg":"WebSocket Core: start heartbeat"}
{"Level":"info","Time":"2022-02-23 22:01:38","Caller":"configs/Logger.go:54","Msg":"WebSocket Core: start heartbeat"}
{"Level":"info","Time":"2022-02-23 22:36:11","Caller":"configs/Logger.go:54","Msg":"WebSocket Core: start heartbeat"}
{"Level":"info","Time":"2022-02-23 22:36:52","Caller":"configs/Logger.go:54","Msg":"WebSocket Core: start heartbeat"}
{"Level":"info","Time":"2022-02-23 22:38:43","Caller":"configs/Logger.go:54","Msg":"WebSocket Core: start heartbeat"}
{"Level":"info","Time":"2022-02-23 22:42:22","Caller":"configs/Logger.go:54","Msg":"WebSocket Core: start heartbeat"}
{"Level":"info","Time":"2022-02-23 22:48:41","Caller":"configs/Logger.go:54","Msg":"WebSocket Core: start heartbeat"}
{"Level":"info","Time":"2022-02-23 23:18:57","Caller":"configs/Logger.go:54","Msg":"WebSocket Core: start heartbeat"}
{"Level":"info","Time":"2022-02-28 23:48:23","Caller":"configs/Logger.go:54","Msg":"WebSocket Core: start heartbeat"}
{"Level":"info","Time":"2022-02-28 23:57:04","Caller":"configs/Logger.go:54","Msg":"WebSocket Core: start heartbeat"}
{"Level":"info","Time":"2022-02-28 23:58:46","Caller":"configs/Logger.go:54","Msg":"WebSocket Core: start heartbeat"}
{"Level":"info","Time":"2022-02-28 23:59:37","Caller":"configs/Logger.go:54","Msg":"WebSocket Core: start heartbeat"}
{"Level":"info","Time":"2022-03-01 00:00:49","Caller":"configs/Logger.go:54","Msg":"WebSocket Core: start heartbeat"}
{"Level":"info","Time":"2022-03-01 00:01:30","Caller":"configs/Logger.go:54","Msg":"WebSocket Core: start heartbeat"}
{"Level":"info","Time":"2022-03-01 00:03:56","Caller":"configs/Logger.go:54","Msg":"WebSocket Core: start heartbeat"}
{"Level":"info","Time":"2022-03-01 00:14:15","Caller":"configs/Logger.go:54","Msg":"WebSocket Core: start heartbeat"}
{"Level":"info","Time":"2022-03-02 20:35:31","Caller":"configs/Logger.go:54","Msg":"WebSocket Core: start heartbeat"}
{"Level":"info","Time":"2022-03-02 20:36:43","Caller":"configs/Logger.go:54","Msg":"WebSocket Core: start heartbeat"}
{"Level":"info","Time":"2022-03-02 21:00:56","Caller":"configs/Logger.go:54","Msg":"WebSocket Core: start heartbeat"}
{"Level":"info","Time":"2022-03-02 21:01:47","Caller":"configs/Logger.go:54","Msg":"WebSocket Core: start heartbeat"}
{"Level":"info","Time":"2022-03-03 20:47:42","Caller":"configs/Logger.go:54","Msg":"WebSocket Core: start heartbeat"}
{"Level":"info","Time":"2022-03-03 21:00:19","Caller":"configs/Logger.go:54","Msg":"WebSocket Core: start heartbeat"}
{"Level":"info","Time":"2022-03-03 21:05:11","Caller":"configs/Logger.go:54","Msg":"WebSocket Core: start heartbeat"}
{"Level":"info","Time":"2022-03-03 21:07:03","Caller":"configs/Logger.go:54","Msg":"WebSocket Core: start heartbeat"}
{"Level":"info","Time":"2022-03-03 21:10:31","Caller":"configs/Logger.go:54","Msg":"WebSocket Core: start heartbeat"}
{"Level":"info","Time":"2022-03-03 21:11:52","Caller":"configs/Logger.go:54","Msg":"WebSocket Core: start heartbeat"}
{"Level":"info","Time":"2022-03-03 21:13:01","Caller":"configs/Logger.go:54","Msg":"WebSocket Core: start heartbeat"}
{"Level":"info","Time":"2022-03-03 21:14:02","Caller":"configs/Logger.go:54","Msg":"WebSocket Core: start heartbeat"}
{"Level":"info","Time":"2022-03-03 21:16:33","Caller":"configs/Logger.go:54","Msg":"WebSocket Core: start heartbeat"}
{"Level":"info","Time":"2022-03-03 21:17:25","Caller":"configs/Logger.go:54","Msg":"WebSocket Core: start heartbeat"}
{"Level":"info","Time":"2022-03-03 21:17:55","Caller":"configs/Logger.go:54","Msg":"WebSocket Core: start heartbeat"}
{"Level":"info","Time":"2022-03-03 21:18:19","Caller":"configs/Logger.go:54","Msg":"WebSocket Core: start heartbeat"}
{"Level":"info","Time":"2022-03-03 21:19:26","Caller":"configs/Logger.go:54","Msg":"WebSocket Core: start heartbeat"}
{"Level":"info","Time":"2022-03-03 21:28:29","Caller":"configs/Logger.go:54","Msg":"WebSocket Core: start heartbeat"}
{"Level":"info","Time":"2022-03-03 21:44:02","Caller":"configs/Logger.go:54","Msg":"WebSocket Core: start heartbeat"}
{"Level":"info","Time":"2022-03-03 21:44:52","Caller":"configs/Logger.go:54","Msg":"WebSocket Core: start heartbeat"}
{"Level":"info","Time":"2022-03-03 21:45:58","Caller":"configs/Logger.go:54","Msg":"WebSocket Core: start heartbeat"}
{"Level":"info","Time":"2022-03-03 21:46:10","Caller":"configs/Logger.go:54","Msg":"WebSocket Core: start heartbeat"}
{"Level":"info","Time":"2022-03-03 21:46:19","Caller":"configs/Logger.go:54","Msg":"WebSocket Core: start heartbeat"}
{"Level":"info","Time":"2022-03-03 21:58:22","Caller":"configs/Logger.go:54","Msg":"WebSocket Core: start heartbeat"}
{"Level":"info","Time":"2022-03-03 22:14:13","Caller":"configs/Logger.go:54","Msg":"WebSocket Core: start heartbeat"}
{"Level":"info","Time":"2022-03-03 22:15:06","Caller":"configs/Logger.go:54","Msg":"WebSocket Core: start heartbeat"}
{"Level":"info","Time":"2022-03-03 22:17:38","Caller":"configs/Logger.go:54","Msg":"WebSocket Core: start heartbeat"}
{"Level":"info","Time":"2022-03-03 22:20:58","Caller":"configs/Logger.go:54","Msg":"WebSocket Core: start heartbeat"}
{"Level":"info","Time":"2022-03-03 22:27:28","Caller":"configs/Logger.go:54","Msg":"WebSocket Core: start heartbeat"}
{"Level":"info","Time":"2022-03-03 22:28:47","Caller":"configs/Logger.go:54","Msg":"WebSocket Core: start heartbeat"}
{"Level":"info","Time":"2022-03-03 22:30:29","Caller":"configs/Logger.go:54","Msg":"WebSocket Core: start heartbeat"}
{"Level":"info","Time":"2022-03-03 22:31:06","Caller":"configs/Logger.go:54","Msg":"WebSocket Core: start heartbeat"}
{"Level":"info","Time":"2022-03-03 22:36:54","Caller":"configs/Logger.go:54","Msg":"WebSocket Core: start heartbeat"}
{"Level":"info","Time":"2022-03-03 22:44:05","Caller":"configs/Logger.go:54","Msg":"WebSocket Core: start heartbeat"}
{"Level":"info","Time":"2022-03-03 22:44:41","Caller":"configs/Logger.go:54","Msg":"WebSocket Core: start heartbeat"}
{"Level":"info","Time":"2022-03-03 22:47:17","Caller":"configs/Logger.go:54","Msg":"WebSocket Core: start heartbeat"}
{"Level":"info","Time":"2022-03-03 22:51:30","Caller":"configs/Logger.go:54","Msg":"WebSocket Core: start heartbeat"}
{"Level":"info","Time":"2022-03-03 22:52:04","Caller":"configs/Logger.go:54","Msg":"WebSocket Core: start heartbeat"}
{"Level":"info","Time":"2022-03-03 22:56:08","Caller":"configs/Logger.go:54","Msg":"WebSocket Core: start heartbeat"}
{"Level":"info","Time":"2022-03-03 22:59:20","Caller":"configs/Logger.go:54","Msg":"WebSocket Core: start heartbeat"}
{"Level":"info","Time":"2022-03-03 23:00:19","Caller":"configs/Logger.go:54","Msg":"WebSocket Core: start heartbeat"}
{"Level":"info","Time":"2022-03-03 23:01:02","Caller":"configs/Logger.go:54","Msg":"WebSocket Core: start heartbeat"}
{"Level":"info","Time":"2022-03-03 23:01:33","Caller":"configs/Logger.go:54","Msg":"WebSocket Core: start heartbeat"}
{"Level":"info","Time":"2022-03-03 23:03:03","Caller":"configs/Logger.go:54","Msg":"WebSocket Core: start heartbeat"}
{"Level":"info","Time":"2022-03-03 23:03:34","Caller":"configs/Logger.go:54","Msg":"WebSocket Core: start heartbeat"}
{"Level":"info","Time":"2022-03-03 23:04:15","Caller":"configs/Logger.go:54","Msg":"WebSocket Core: start heartbeat"}
{"Level":"info","Time":"2022-03-03 23:05:59","Caller":"configs/Logger.go:54","Msg":"WebSocket Core: start heartbeat"}
{"Level":"info","Time":"2022-03-05 13:56:47","Caller":"configs/Logger.go:54","Msg":"WebSocket Core: start heartbeat"}
{"Level":"info","Time":"2022-03-05 13:58:24","Caller":"configs/Logger.go:54","Msg":"WebSocket Core: start heartbeat"}
{"Level":"info","Time":"2022-03-05 14:06:14","Caller":"configs/Logger.go:54","Msg":"WebSocket Core: start heartbeat"}
{"Level":"info","Time":"2022-03-05 14:06:44","Caller":"configs/Logger.go:54","Msg":"WebSocket Core: start heartbeat"}
{"Level":"info","Time":"2022-03-05 14:09:01","Caller":"configs/Logger.go:54","Msg":"WebSocket Core: start heartbeat"}
{"Level":"info","Time":"2022-03-05 14:26:02","Caller":"configs/Logger.go:54","Msg":"WebSocket Core: start heartbeat"}
{"Level":"info","Time":"2022-03-05 14:26:55","Caller":"configs/Logger.go:54","Msg":"WebSocket Core: start heartbeat"}
{"Level":"info","Time":"2022-03-05 14:27:52","Caller":"configs/Logger.go:54","Msg":"WebSocket Core: start heartbeat"}
{"Level":"info","Time":"2022-03-05 14:28:57","Caller":"configs/Logger.go:54","Msg":"WebSocket Core: start heartbeat"}
{"Level":"info","Time":"2022-03-05 14:30:46","Caller":"configs/Logger.go:54","Msg":"WebSocket Core: start heartbeat"}
{"Level":"info","Time":"2022-03-05 14:46:09","Caller":"configs/Logger.go:54","Msg":"WebSocket Core: start heartbeat"}
{"Level":"info","Time":"2022-03-05 14:47:40","Caller":"configs/Logger.go:54","Msg":"WebSocket Core: start heartbeat"}
{"Level":"info","Time":"2022-03-05 15:01:02","Caller":"configs/Logger.go:54","Msg":"WebSocket Core: start heartbeat"}
{"Level":"info","Time":"2022-03-05 15:10:57","Caller":"configs/Logger.go:54","Msg":"WebSocket Core: start heartbeat"}
{"Level":"info","Time":"2022-03-05 15:14:44","Caller":"configs/Logger.go:54","Msg":"WebSocket Core: start heartbeat"}
{"Level":"info","Time":"2022-03-05 15:37:39","Caller":"configs/Logger.go:54","Msg":"WebSocket Core: start heartbeat"}
{"Level":"info","Time":"2022-03-05 15:38:49","Caller":"configs/Logger.go:54","Msg":"WebSocket Core: start heartbeat"}
{"Level":"info","Time":"2022-03-05 15:41:36","Caller":"configs/Logger.go:54","Msg":"WebSocket Core: start heartbeat"}
{"Level":"info","Time":"2022-03-05 15:42:47","Caller":"configs/Logger.go:54","Msg":"WebSocket Core: start heartbeat"}
{"Level":"info","Time":"2022-03-05 15:43:38","Caller":"configs/Logger.go:54","Msg":"WebSocket Core: start heartbeat"}
{"Level":"info","Time":"2022-03-05 15:46:59","Caller":"configs/Logger.go:54","Msg":"WebSocket Core: start heartbeat"}
{"Level":"info","Time":"2022-03-05 15:53:14","Caller":"configs/Logger.go:54","Msg":"WebSocket Core: start heartbeat"}
{"Level":"info","Time":"2022-03-05 15:56:20","Caller":"configs/Logger.go:54","Msg":"WebSocket Core: start heartbeat"}
{"Level":"info","Time":"2022-03-05 15:59:44","Caller":"configs/Logger.go:54","Msg":"WebSocket Core: start heartbeat"}
{"Level":"info","Time":"2022-03-05 16:00:54","Caller":"configs/Logger.go:54","Msg":"WebSocket Core: start heartbeat"}
{"Level":"info","Time":"2022-03-05 16:04:51","Caller":"configs/Logger.go:54","Msg":"WebSocket Core: start heartbeat"}
{"Level":"info","Time":"2022-03-05 16:16:04","Caller":"configs/Logger.go:54","Msg":"WebSocket Core: start heartbeat"}
{"Level":"info","Time":"2022-03-05 16:24:02","Caller":"configs/Logger.go:54","Msg":"WebSocket Core: start heartbeat"}
{"Level":"info","Time":"2022-03-05 16:25:36","Caller":"configs/Logger.go:54","Msg":"WebSocket Core: start heartbeat"}
{"Level":"info","Time":"2022-03-05 16:34:44","Caller":"configs/Logger.go:54","Msg":"WebSocket Core: start heartbeat"}
{"Level":"info","Time":"2022-03-05 17:04:16","Caller":"configs/Logger.go:54","Msg":"WebSocket Core: start heartbeat"}
{"Level":"info","Time":"2022-03-05 18:44:39","Caller":"configs/Logger.go:54","Msg":"WebSocket Core: start heartbeat"}
{"Level":"info","Time":"2022-03-05 18:45:46","Caller":"configs/Logger.go:54","Msg":"WebSocket Core: start heartbeat"}
{"Level":"info","Time":"2022-03-05 19:51:53","Caller":"configs/Logger.go:54","Msg":"WebSocket Core: start heartbeat"}
{"Level":"info","Time":"2022-03-05 19:54:39","Caller":"configs/Logger.go:54","Msg":"WebSocket Core: start heartbeat"}
{"Level":"info","Time":"2022-03-05 19:57:03","Caller":"configs/Logger.go:54","Msg":"WebSocket Core: start heartbeat"}
{"Level":"info","Time":"2022-03-05 21:08:01","Caller":"configs/Logger.go:54","Msg":"WebSocket Core: start heartbeat"}
{"Level":"info","Time":"2022-03-05 21:13:58","Caller":"configs/Logger.go:54","Msg":"WebSocket Core: start heartbeat"}
{"Level":"info","Time":"2022-03-05 21:16:27","Caller":"configs/Logger.go:54","Msg":"WebSocket Core: start heartbeat"}
{"Level":"info","Time":"2022-03-05 21:22:53","Caller":"configs/Logger.go:54","Msg":"WebSocket Core: start heartbeat"}
{"Level":"info","Time":"2022-03-05 21:28:12","Caller":"configs/Logger.go:54","Msg":"WebSocket Core: start heartbeat"}
{"Level":"info","Time":"2022-03-05 21:28:21","Caller":"configs/Logger.go:54","Msg":"WebSocket Core: start heartbeat"}
{"Level":"info","Time":"2022-03-05 21:28:56","Caller":"configs/Logger.go:54","Msg":"WebSocket Core: start heartbeat"}
{"Level":"info","Time":"2022-03-05 21:29:45","Caller":"configs/Logger.go:54","Msg":"WebSocket Core: start heartbeat"}
{"Level":"info","Time":"2022-03-05 21:30:55","Caller":"configs/Logger.go:54","Msg":"WebSocket Core: start heartbeat"}
{"Level":"info","Time":"2022-03-05 21:32:12","Caller":"configs/Logger.go:54","Msg":"WebSocket Core: start heartbeat"}
{"Level":"info","Time":"2022-03-05 21:36:25","Caller":"configs/Logger.go:54","Msg":"WebSocket Core: start heartbeat"}
{"Level":"info","Time":"2022-03-05 21:38:29","Caller":"configs/Logger.go:54","Msg":"WebSocket Core: start heartbeat"}
{"Level":"info","Time":"2022-03-05 21:48:46","Caller":"configs/Logger.go:54","Msg":"WebSocket Core: start heartbeat"}
{"Level":"info","Time":"2022-03-05 21:54:02","Caller":"configs/Logger.go:54","Msg":"WebSocket Core: start heartbeat"}
{"Level":"info","Time":"2022-03-05 22:11:23","Caller":"configs/Logger.go:54","Msg":"WebSocket Core: start heartbeat"}
{"Level":"info","Time":"2022-03-05 22:14:40","Caller":"configs/Logger.go:54","Msg":"WebSocket Core: start heartbeat"}
{"Level":"info","Time":"2022-03-06 15:43:07","Caller":"configs/Logger.go:54","Msg":"WebSocket Core: start heartbeat"}
{"Level":"info","Time":"2022-03-06 16:28:38","Caller":"configs/Logger.go:54","Msg":"WebSocket Core: start heartbeat"}
{"Level":"info","Time":"2022-03-06 17:01:42","Caller":"configs/Logger.go:54","Msg":"WebSocket Core: start heartbeat"}
{"Level":"info","Time":"2022-03-06 17:15:49","Caller":"configs/Logger.go:54","Msg":"WebSocket Core: start heartbeat"}
{"Level":"info","Time":"2022-03-06 17:26:45","Caller":"configs/Logger.go:54","Msg":"WebSocket Core: start heartbeat"}
{"Level":"info","Time":"2022-03-06 19:24:42","Caller":"configs/Logger.go:54","Msg":"WebSocket Core: start heartbeat"}
{"Level":"info","Time":"2022-03-06 22:10:34","Caller":"configs/Logger.go:54","Msg":"WebSocket Core: start heartbeat"}
{"Level":"info","Time":"2022-03-06 22:53:37","Caller":"configs/Logger.go:54","Msg":"WebSocket Core: start heartbeat"}
{"Level":"info","Time":"2022-03-06 22:54:59","Caller":"configs/Logger.go:54","Msg":"WebSocket Core: start heartbeat"}
{"Level":"info","Time":"2022-03-06 23:10:15","Caller":"configs/Logger.go:54","Msg":"WebSocket Core: start heartbeat"}
{"Level":"info","Time":"2022-03-06 23:11:28","Caller":"configs/Logger.go:54","Msg":"WebSocket Core: start heartbeat"}
{"Level":"info","Time":"2022-03-06 23:12:55","Caller":"configs/Logger.go:54","Msg":"WebSocket Core: start heartbeat"}
{"Level":"info","Time":"2022-03-06 23:15:57","Caller":"configs/Logger.go:54","Msg":"WebSocket Core: start heartbeat"}
{"Level":"info","Time":"2022-03-06 23:18:30","Caller":"configs/Logger.go:54","Msg":"WebSocket Core: start heartbeat"}
{"Level":"info","Time":"2022-03-06 23:20:19","Caller":"configs/Logger.go:54","Msg":"WebSocket Core: start heartbeat"}
{"Level":"info","Time":"2022-03-06 23:23:09","Caller":"configs/Logger.go:54","Msg":"WebSocket Core: start heartbeat"}
{"Level":"info","Time":"2022-03-16 23:33:53","Caller":"configs/Logger.go:54","Msg":"WebSocket Core: start heartbeat"}
{"Level":"info","Time":"2022-03-17 20:16:31","Caller":"configs/Logger.go:54","Msg":"WebSocket Core: start heartbeat"}
{"Level":"info","Time":"2022-03-17 20:47:43","Caller":"configs/Logger.go:54","Msg":"WebSocket Core: start heartbeat"}
{"Level":"info","Time":"2022-03-17 20:58:18","Caller":"configs/Logger.go:54","Msg":"WebSocket Core: start heartbeat"}
{"Level":"info","Time":"2022-03-17 21:07:54","Caller":"configs/Logger.go:54","Msg":"WebSocket Core: start heartbeat"}
{"Level":"info","Time":"2022-03-17 21:13:15","Caller":"configs/Logger.go:54","Msg":"WebSocket Core: start heartbeat"}
{"Level":"info","Time":"2022-03-17 21:15:47","Caller":"configs/Logger.go:54","Msg":"WebSocket Core: start heartbeat"}
{"Level":"info","Time":"2022-03-17 21:26:11","Caller":"configs/Logger.go:54","Msg":"WebSocket Core: start heartbeat"}
{"Level":"info","Time":"2022-03-17 21:33:25","Caller":"configs/Logger.go:54","Msg":"WebSocket Core: start heartbeat"}
{"Level":"info","Time":"2022-03-17 21:35:37","Caller":"configs/Logger.go:54","Msg":"WebSocket Core: start heartbeat"}
